[INFO] Scanning for projects...
[WARNING] 
[WARNING] Some problems were encountered while building the effective model for com.MSyamsandiYW:practice-service:jar:0.0.1-SNAPSHOT
[WARNING] 'dependencies.dependency.scope' for org.projectlombok:lombok:jar must be one of [provided, compile, runtime, test, system] but is 'annotationProcessor'. @ line 102, column 20
[WARNING] 
[WARNING] It is highly recommended to fix these problems because they threaten the stability of your build.
[WARNING] 
[WARNING] For this reason, future Maven versions might no longer support building such malformed projects.
[WARNING] 
[INFO] 
[INFO] -----------------< com.MSyamsandiYW:practice-service >------------------
[INFO] Building  0.0.1-SNAPSHOT
[INFO]   from pom.xml
[INFO] --------------------------------[ jar ]---------------------------------
[INFO] 
[INFO] >>> dependency:3.10.0:analyze (default-cli) > test-compile @ practice-service >>>
[INFO] 
[INFO] --- resources:3.5.0:resources (default-resources) @ practice-service ---
[INFO] Copying 1 resource from src\main\resources to target\classes
[INFO] Copying 0 resource from src\main\resources to target\classes
[INFO] 
[INFO] --- compiler:3.15.0:compile (default-compile) @ practice-service ---
[INFO] Nothing to compile - all classes are up to date.
[INFO] 
[INFO] --- resources:3.5.0:testResources (default-testResources) @ practice-service ---
[INFO] skip non existing resourceDirectory C:\study\java-backend-quality-analyzer\targets\practice-mvc-caffeine\src\test\resources
[INFO] 
[INFO] --- compiler:3.15.0:testCompile (default-testCompile) @ practice-service ---
[INFO] Nothing to compile - all classes are up to date.
[INFO] 
[INFO] <<< dependency:3.10.0:analyze (default-cli) < test-compile @ practice-service <<<
[INFO] 
[INFO] 
[INFO] --- dependency:3.10.0:analyze (default-cli) @ practice-service ---
[WARNING] Used undeclared dependencies found:
[WARNING]    tools.jackson.core:jackson-databind:jar:3.1.5:compile
[WARNING]    org.assertj:assertj-core:jar:3.27.7:test
[WARNING]    org.springframework:spring-web:jar:7.0.9:compile
[WARNING]    org.springframework.boot:spring-boot-test:jar:4.1.1:test
[WARNING]    jakarta.persistence:jakarta.persistence-api:jar:3.2.0:compile
[WARNING]    org.springframework.boot:spring-boot-autoconfigure:jar:4.1.1:compile
[WARNING]    org.springframework:spring-test:jar:7.0.9:test
[WARNING]    org.springframework.boot:spring-boot-webmvc-test:jar:4.1.1:test
[WARNING]    org.mockito:mockito-junit-jupiter:jar:5.23.0:test
[WARNING]    org.springframework:spring-beans:jar:7.0.9:compile
[WARNING]    org.springframework:spring-context:jar:7.0.9:compile
[WARNING]    org.junit.jupiter:junit-jupiter-api:jar:6.0.3:test
[WARNING]    org.springframework.boot:spring-boot:jar:4.1.1:compile
[WARNING]    org.slf4j:slf4j-api:jar:2.0.18:compile
[WARNING]    org.springframework.data:spring-data-jpa:jar:4.1.1:compile
[WARNING]    org.mockito:mockito-core:jar:5.23.0:test
[WARNING]    jakarta.validation:jakarta.validation-api:jar:3.1.1:compile
[WARNING] Unused declared dependencies found:
[WARNING]    org.springframework.boot:spring-boot-starter-validation:jar:4.1.1:compile
[WARNING]    org.springframework.boot:spring-boot-starter-webmvc:jar:4.1.1:compile
[WARNING]    org.springframework.boot:spring-boot-starter-actuator:jar:4.1.1:compile
[WARNING]    org.openjdk.jmh:jmh-core:jar:1.37:test
[WARNING]    org.openjdk.jmh:jmh-generator-annprocess:jar:1.37:test
[WARNING]    org.postgresql:postgresql:jar:42.7.13:runtime
[WARNING]    org.springframework.boot:spring-boot-starter-validation-test:jar:4.1.1:test
[WARNING]    org.springframework.boot:spring-boot-starter-webmvc-test:jar:4.1.1:test
[WARNING]    org.springframework.boot:spring-boot-starter-test:jar:4.1.1:test
[WARNING]    org.springframework.boot:spring-boot-testcontainers:jar:4.1.1:test
[WARNING]    org.springframework.boot:spring-boot-starter-data-jpa:jar:4.1.1:compile
[WARNING]    org.springframework.boot:spring-boot-starter-cache:jar:4.1.1:compile
[WARNING]    com.github.ben-manes.caffeine:caffeine:jar:3.2.4:compile
[WARNING] Non-test scoped test only dependencies found:
[WARNING]    tools.jackson.core:jackson-databind:jar:3.1.5:compile
[WARNING]    org.springframework:spring-beans:jar:7.0.9:compile
[INFO] ------------------------------------------------------------------------
[INFO] BUILD SUCCESS
[INFO] ------------------------------------------------------------------------
[INFO] Total time:  6.894 s
[INFO] Finished at: 2026-08-29T12:24:36+07:00
[INFO] ------------------------------------------------------------------------
