[INFO] Scanning for projects...
[INFO] 
[INFO] ------------< com.springboot.blog:springboot-blog-rest-api >------------
[INFO] Building springboot-blog-rest-api 0.0.1-SNAPSHOT
[INFO]   from pom.xml
[INFO] --------------------------------[ jar ]---------------------------------
[INFO] 
[INFO] >>> dependency:3.6.1:analyze (default-cli) > test-compile @ springboot-blog-rest-api >>>
[INFO] 
[INFO] --- resources:3.3.1:resources (default-resources) @ springboot-blog-rest-api ---
[INFO] Copying 4 resources from src\main\resources to target\classes
[INFO] Copying 0 resource from src\main\resources to target\classes
[INFO] 
[INFO] --- compiler:3.11.0:compile (default-compile) @ springboot-blog-rest-api ---
[INFO] Changes detected - recompiling the module! :source
[INFO] Compiling 41 source files with javac [debug release 17] to target\classes
[INFO] Annotation processing is enabled because one or more processors were found
  on the class path. A future release of javac may disable annotation processing
  unless at least one processor is specified by name (-processor), or a search
  path is specified (--processor-path, --processor-module-path), or annotation
  processing is enabled explicitly (-proc:only, -proc:full).
  Use -Xlint:-options to suppress this message.
  Use -proc:none to disable annotation processing.
[INFO] 
[INFO] --- resources:3.3.1:testResources (default-testResources) @ springboot-blog-rest-api ---
[INFO] skip non existing resourceDirectory C:\Users\user\AppData\Local\Temp\tmp.dX2jq39eX8\blog\src\test\resources
[INFO] 
[INFO] --- compiler:3.11.0:testCompile (default-testCompile) @ springboot-blog-rest-api ---
[INFO] Changes detected - recompiling the module! :dependency
[INFO] Compiling 1 source file with javac [debug release 17] to target\test-classes
[INFO] Annotation processing is enabled because one or more processors were found
  on the class path. A future release of javac may disable annotation processing
  unless at least one processor is specified by name (-processor), or a search
  path is specified (--processor-path, --processor-module-path), or annotation
  processing is enabled explicitly (-proc:only, -proc:full).
  Use -Xlint:-options to suppress this message.
  Use -proc:none to disable annotation processing.
[INFO] 
[INFO] <<< dependency:3.6.1:analyze (default-cli) < test-compile @ springboot-blog-rest-api <<<
[INFO] 
[INFO] 
[INFO] --- dependency:3.6.1:analyze (default-cli) @ springboot-blog-rest-api ---
[WARNING] Used undeclared dependencies found:
[WARNING]    org.springframework.security:spring-security-config:jar:6.2.1:compile
[WARNING]    org.springframework.security:spring-security-web:jar:6.2.1:compile
[WARNING]    org.springframework.data:spring-data-commons:jar:3.2.1:compile
[WARNING]    org.apache.tomcat.embed:tomcat-embed-core:jar:10.1.17:compile
[WARNING]    org.springframework.boot:spring-boot-test:jar:3.2.1:test
[WARNING]    jakarta.persistence:jakarta.persistence-api:jar:3.1.0:compile
[WARNING]    org.springframework:spring-core:jar:6.1.2:compile
[WARNING]    org.springframework:spring-context:jar:6.1.2:compile
[WARNING]    org.springframework:spring-webmvc:jar:6.1.2:compile
[WARNING]    org.springframework.data:spring-data-jpa:jar:3.2.1:compile
[WARNING]    org.junit.jupiter:junit-jupiter-api:jar:5.10.1:test
[WARNING]    org.springframework.boot:spring-boot-autoconfigure:jar:3.2.1:compile
[WARNING]    io.swagger.core.v3:swagger-annotations-jakarta:jar:2.2.19:compile
[WARNING]    org.springframework.security:spring-security-core:jar:6.2.1:compile
[WARNING]    org.springframework.boot:spring-boot:jar:3.2.1:compile
[WARNING]    org.springframework:spring-beans:jar:6.1.2:compile
[WARNING]    org.springframework.security:spring-security-crypto:jar:6.2.1:compile
[WARNING]    jakarta.validation:jakarta.validation-api:jar:3.0.2:compile
[WARNING]    org.springframework:spring-web:jar:6.1.2:compile
[WARNING] Unused declared dependencies found:
[WARNING]    org.springframework.boot:spring-boot-starter-data-jpa:jar:3.2.1:compile
[WARNING]    org.springframework.boot:spring-boot-starter-web:jar:3.2.1:compile
[WARNING]    org.springframework.boot:spring-boot-devtools:jar:3.2.1:runtime
[WARNING]    com.mysql:mysql-connector-j:jar:8.1.0:runtime
[WARNING]    org.projectlombok:lombok:jar:1.18.30:compile
[WARNING]    org.springframework.boot:spring-boot-starter-validation:jar:3.2.1:compile
[WARNING]    org.springframework.boot:spring-boot-starter-test:jar:3.2.1:test
[WARNING]    org.springframework.boot:spring-boot-starter-security:jar:3.2.1:compile
[WARNING]    io.jsonwebtoken:jjwt-impl:jar:0.12.3:runtime
[WARNING]    io.jsonwebtoken:jjwt-jackson:jar:0.12.3:runtime
[WARNING]    org.springdoc:springdoc-openapi-starter-webmvc-ui:jar:2.3.0:compile
[INFO] ------------------------------------------------------------------------
[INFO] BUILD SUCCESS
[INFO] ------------------------------------------------------------------------
[INFO] Total time:  12.159 s
[INFO] Finished at: 2026-08-29T12:33:58+07:00
[INFO] ------------------------------------------------------------------------
