[ERROR] COMPILATION ERROR : 
[ERROR] /C:/Users/user/AppData/Local/Temp/tmp.dpxgP0v9GN/repo/src/main/java/org/springframework/samples/mvc/mapping/JavaBean.java:[3,33] package javax.xml.bind.annotation does not exist
[ERROR] /C:/Users/user/AppData/Local/Temp/tmp.dpxgP0v9GN/repo/src/main/java/org/springframework/samples/mvc/mapping/JavaBean.java:[5,2] cannot find symbol
  symbol: class XmlRootElement
[ERROR] /C:/Users/user/AppData/Local/Temp/tmp.dpxgP0v9GN/repo/src/main/java/org/springframework/samples/mvc/messageconverters/JavaBean.java:[4,33] package javax.xml.bind.annotation does not exist
[ERROR] /C:/Users/user/AppData/Local/Temp/tmp.dpxgP0v9GN/repo/src/main/java/org/springframework/samples/mvc/messageconverters/JavaBean.java:[6,2] cannot find symbol
  symbol: class XmlRootElement
[ERROR] Failed to execute goal org.apache.maven.plugins:maven-compiler-plugin:3.7.0:compile (default-compile) on project spring-mvc-showcase: Compilation failure: Compilation failure: 
[ERROR] /C:/Users/user/AppData/Local/Temp/tmp.dpxgP0v9GN/repo/src/main/java/org/springframework/samples/mvc/mapping/JavaBean.java:[3,33] package javax.xml.bind.annotation does not exist
[ERROR] /C:/Users/user/AppData/Local/Temp/tmp.dpxgP0v9GN/repo/src/main/java/org/springframework/samples/mvc/mapping/JavaBean.java:[5,2] cannot find symbol
[ERROR]   symbol: class XmlRootElement
[ERROR] /C:/Users/user/AppData/Local/Temp/tmp.dpxgP0v9GN/repo/src/main/java/org/springframework/samples/mvc/messageconverters/JavaBean.java:[4,33] package javax.xml.bind.annotation does not exist
[ERROR] /C:/Users/user/AppData/Local/Temp/tmp.dpxgP0v9GN/repo/src/main/java/org/springframework/samples/mvc/messageconverters/JavaBean.java:[6,2] cannot find symbol
[ERROR]   symbol: class XmlRootElement
[ERROR] -> [Help 1]
[ERROR] 
[ERROR] To see the full stack trace of the errors, re-run Maven with the -e switch.
[ERROR] Re-run Maven using the -X switch to enable full debug logging.
[ERROR] 
[ERROR] For more information about the errors and possible solutions, please read the following articles:
[ERROR] [Help 1] http://cwiki.apache.org/confluence/display/MAVEN/MojoFailureException
