[INFO] Scanning for projects...
[INFO] 
[INFO] ------------< org.springframework.samples:spring-petclinic >------------
[INFO] Building petclinic 4.0.0-SNAPSHOT
[INFO]   from pom.xml
[INFO] --------------------------------[ jar ]---------------------------------
[INFO] 
[INFO] >>> dependency:3.10.0:analyze (default-cli) > test-compile @ spring-petclinic >>>
[INFO] 
[INFO] --- enforcer:3.6.3:enforce (enforce-java) @ spring-petclinic ---
[INFO] Rule 0: org.apache.maven.enforcer.rules.version.RequireJavaVersion passed
[INFO] 
[INFO] --- spring-javaformat:0.0.47:validate (default) @ spring-petclinic ---
[INFO] 
[INFO] --- checkstyle:3.6.0:check (nohttp-checkstyle-validation) @ spring-petclinic ---
[INFO] You have 0 Checkstyle violations.
[INFO] 
[INFO] --- jacoco:0.8.15:prepare-agent (default) @ spring-petclinic ---
[INFO] argLine set to -javaagent:C:\\Users\\user\\.m2\\repository\\org\\jacoco\\org.jacoco.agent\\0.8.15\\org.jacoco.agent-0.8.15-runtime.jar=destfile=C:\\Users\\user\\AppData\\Local\\Temp\\tmp.KhpRS8ySBt\\degraded\\target\\jacoco.exec
[INFO] 
[INFO] --- git-commit-id:9.2.0:revision (default) @ spring-petclinic ---
[INFO] dotGitDirectory 'C:\Users\user\AppData\Local\Temp\tmp.KhpRS8ySBt\degraded\.git'
[INFO] Collected git.build.user.name with value M.Syamsandi Yuda Wirawan
[INFO] Collected git.build.user.email with value zxvcklh@gmail.com
[INFO] Collected git.branch with value main
[INFO] Collected git.commit.id.describe with value 307e5fd
[INFO] Collected git.commit.id.describe-short with value 307e5fd
[INFO] Collected git.commit.id with value 307e5fd58cd6d70f43d09f9e9604b2217a70826e
[INFO] Collected git.commit.id.abbrev with value 307e5fd
[INFO] Collected git.dirty with value false
[INFO] Collected git.commit.user.name with value M.Syamsandi Yuda Wirawan
[INFO] Collected git.commit.user.email with value 89447700+MSyamsandiYudaWirawan@users.noreply.github.com
[INFO] Collected git.commit.message.full with value Update ClinicServiceTests.java

Signed-off-by: M.Syamsandi Yuda Wirawan <89447700+MSyamsandiYudaWirawan@users.noreply.github.com>
[INFO] Collected git.commit.message.short with value Update ClinicServiceTests.java
[INFO] Collected git.commit.time with value 2026-08-29T10:23:18+07:00
[INFO] Collected git.commit.author.time with value 2026-08-29T10:23:18+07:00
[INFO] Collected git.commit.committer.time with value 2026-08-29T10:23:18+07:00
[INFO] Collected git.remote.origin.url with value https://github.com/MSyamsandiYudaWirawan/petclinic-degraded
[INFO] Collected git.tags with value 
[INFO] Collected git.tag with value 
[INFO] Collected git.closest.tag.name with value 
[INFO] Collected git.closest.tag.commit.count with value 
[INFO] Collected git.total.commit.count with value 1
[INFO] Collected git.local.branch.ahead with value 0
[INFO] Collected git.local.branch.behind with value 0
[INFO] Collected git.build.time with value 2024-11-28T21:37:52+07:00
[INFO] Collected git.build.version with value 4.0.0-SNAPSHOT
[INFO] Collected git.build.host with value DESKTOP-JPRCHQG
[INFO] including property 'git.tags' in results
[INFO] including property 'git.build.version' in results
[INFO] including property 'git.branch' in results
[INFO] including property 'git.build.host' in results
[INFO] including property 'git.commit.id' in results
[INFO] including property 'git.commit.user.email' in results
[INFO] including property 'git.local.branch.behind' in results
[INFO] including property 'git.commit.author.time' in results
[INFO] including property 'git.build.user.name' in results
[INFO] including property 'git.dirty' in results
[INFO] including property 'git.closest.tag.commit.count' in results
[INFO] including property 'git.commit.user.name' in results
[INFO] including property 'git.commit.id.abbrev' in results
[INFO] including property 'git.commit.id.describe-short' in results
[INFO] including property 'git.total.commit.count' in results
[INFO] including property 'git.commit.id.describe' in results
[INFO] including property 'git.build.user.email' in results
[INFO] including property 'git.commit.message.short' in results
[INFO] including property 'git.commit.committer.time' in results
[INFO] including property 'git.tag' in results
[INFO] including property 'git.closest.tag.name' in results
[INFO] including property 'git.local.branch.ahead' in results
[INFO] including property 'git.commit.time' in results
[INFO] including property 'git.build.time' in results
[INFO] including property 'git.commit.message.full' in results
[INFO] including property 'git.remote.origin.url' in results
[INFO] Writing properties file [C:\Users\user\AppData\Local\Temp\tmp.KhpRS8ySBt\degraded\target\classes\git.properties] (for project petclinic)...
[INFO] 
[INFO] --- spring-boot:4.1.0:build-info (default) @ spring-petclinic ---
[INFO] 
[INFO] --- cyclonedx:2.9.1:makeAggregateBom (default) @ spring-petclinic ---
[INFO] CycloneDX: Resolving Dependencies
[INFO] CycloneDX: Creating BOM version 1.6 with 106 component(s)
[INFO] CycloneDX: Writing and validating BOM (JSON): C:\Users\user\AppData\Local\Temp\tmp.KhpRS8ySBt\degraded\target\classes\META-INF\sbom\application.cdx.json
[WARNING] Unknown keyword meta:enum - you should define your own Meta Schema. If the keyword is irrelevant for validation, just use a NonValidationKeyword or if it should generate annotations AnnotationKeyword
[WARNING] Unknown keyword deprecated - you should define your own Meta Schema. If the keyword is irrelevant for validation, just use a NonValidationKeyword or if it should generate annotations AnnotationKeyword
[INFO]            attaching as spring-petclinic-4.0.0-SNAPSHOT-cyclonedx.json
[INFO] 
[INFO] --- resources:3.5.0:resources (default-resources) @ spring-petclinic ---
[INFO] Copying 3 resources from src\main\resources to target\classes
[INFO] Copying 47 resources from src\main\resources to target\classes
[INFO] 
[INFO] --- compiler:3.15.0:compile (default-compile) @ spring-petclinic ---
[INFO] Recompiling the module because of changed source code.
[INFO] Compiling 30 source files with javac [debug parameters release 17] to target\classes
[INFO] 
[INFO] --- resources:3.5.0:testResources (default-testResources) @ spring-petclinic ---
[INFO] skip non existing resourceDirectory C:\Users\user\AppData\Local\Temp\tmp.KhpRS8ySBt\degraded\src\test\resources
[INFO] 
[INFO] --- compiler:3.15.0:testCompile (default-testCompile) @ spring-petclinic ---
[INFO] Recompiling the module because of changed dependency.
[INFO] Compiling 20 source files with javac [debug parameters release 17] to target\test-classes
[INFO] 
[INFO] <<< dependency:3.10.0:analyze (default-cli) < test-compile @ spring-petclinic <<<
[INFO] 
[INFO] 
[INFO] --- dependency:3.10.0:analyze (default-cli) @ spring-petclinic ---
[WARNING] Used undeclared dependencies found:
[WARNING]    org.springframework:spring-web:jar:7.0.8:compile
[WARNING]    org.springframework.boot:spring-boot-jdbc:jar:4.1.0:compile
[WARNING]    org.testcontainers:testcontainers:jar:2.0.5:test
[WARNING]    jakarta.persistence:jakarta.persistence-api:jar:3.2.0:compile
[WARNING]    org.springframework:spring-test:jar:7.0.8:test
[WARNING]    org.hamcrest:hamcrest:jar:3.0:test
[WARNING]    org.springframework:spring-orm:jar:7.0.8:compile
[WARNING]    org.springframework.boot:spring-boot-autoconfigure:jar:4.1.0:compile
[WARNING]    org.mockito:mockito-junit-jupiter:jar:5.23.0:test
[WARNING]    org.springframework.data:spring-data-commons:jar:4.1.0:compile
[WARNING]    org.springframework:spring-context:jar:7.0.8:compile
[WARNING]    org.springframework.boot:spring-boot-jdbc-test:jar:4.1.0:test
[WARNING]    org.mockito:mockito-core:jar:5.23.0:test
[WARNING]    org.springframework:spring-beans:jar:7.0.8:compile
[WARNING]    org.assertj:assertj-core:jar:3.27.7:test
[WARNING]    org.springframework.boot:spring-boot-webmvc-test:jar:4.1.0:test
[WARNING]    org.springframework:spring-webmvc:jar:7.0.8:compile
[WARNING]    commons-logging:commons-logging:jar:1.3.6:compile
[WARNING]    org.springframework.data:spring-data-jpa:jar:4.1.0:compile
[WARNING]    org.springframework:spring-tx:jar:7.0.8:compile
[WARNING]    org.springframework.boot:spring-boot-test:jar:4.1.0:test
[WARNING]    org.springframework.boot:spring-boot-hibernate:jar:4.1.0:compile
[WARNING]    org.junit.jupiter:junit-jupiter-api:jar:6.0.3:test
[WARNING]    org.springframework.boot:spring-boot-cache:jar:4.1.0:compile
[WARNING]    org.springframework.boot:spring-boot-data-jpa-test:jar:4.1.0:test
[WARNING]    org.springframework:spring-core:jar:7.0.8:compile
[WARNING]    org.springframework.boot:spring-boot:jar:4.1.0:compile
[WARNING]    org.springframework.boot:spring-boot-restclient:jar:4.1.0:test
[WARNING]    jakarta.validation:jakarta.validation-api:jar:3.1.1:compile
[WARNING]    org.springframework.boot:spring-boot-resttestclient:jar:4.1.0:test
[WARNING] Unused declared dependencies found:
[WARNING]    org.springframework.boot:spring-boot-starter-actuator:jar:4.1.0:compile
[WARNING]    org.springframework.boot:spring-boot-starter-cache:jar:4.1.0:compile
[WARNING]    org.springframework.boot:spring-boot-starter-data-jpa:jar:4.1.0:compile
[WARNING]    org.springframework.boot:spring-boot-starter-thymeleaf:jar:4.1.0:compile
[WARNING]    org.springframework.boot:spring-boot-starter-validation:jar:4.1.0:compile
[WARNING]    org.springframework.boot:spring-boot-starter-webmvc:jar:4.1.0:compile
[WARNING]    com.h2database:h2:jar:2.4.240:runtime
[WARNING]    com.github.ben-manes.caffeine:caffeine:jar:3.2.4:runtime
[WARNING]    com.mysql:mysql-connector-j:jar:9.7.0:runtime
[WARNING]    org.postgresql:postgresql:jar:42.7.11:runtime
[WARNING]    org.webjars:webjars-locator-lite:jar:1.1.3:runtime
[WARNING]    org.webjars.npm:bootstrap:jar:5.3.8:runtime
[WARNING]    org.webjars.npm:font-awesome:jar:4.7.0:runtime
[WARNING]    org.springframework.boot:spring-boot-devtools:jar:4.1.0:compile
[WARNING]    org.springframework.boot:spring-boot-starter-data-jpa-test:jar:4.1.0:test
[WARNING]    org.springframework.boot:spring-boot-starter-restclient:jar:4.1.0:test
[WARNING]    org.springframework.boot:spring-boot-starter-restclient-test:jar:4.1.0:test
[WARNING]    org.springframework.boot:spring-boot-starter-thymeleaf-test:jar:4.1.0:test
[WARNING]    org.springframework.boot:spring-boot-starter-validation-test:jar:4.1.0:test
[WARNING]    org.springframework.boot:spring-boot-starter-webmvc-test:jar:4.1.0:test
[WARNING]    org.springframework.boot:spring-boot-starter-actuator-test:jar:4.1.0:test
[WARNING]    org.springframework.boot:spring-boot-docker-compose:jar:4.1.0:test
[WARNING]    org.springframework.boot:spring-boot-starter-cache-test:jar:4.1.0:test
[WARNING] Non-test scoped test only dependencies found:
[WARNING]    org.springframework.boot:spring-boot-jdbc:jar:4.1.0:compile
[WARNING]    org.springframework:spring-orm:jar:7.0.8:compile
[WARNING]    org.springframework:spring-beans:jar:7.0.8:compile
[WARNING]    commons-logging:commons-logging:jar:1.3.6:compile
[WARNING]    org.springframework.boot:spring-boot-hibernate:jar:4.1.0:compile
[INFO] ------------------------------------------------------------------------
[INFO] BUILD SUCCESS
[INFO] ------------------------------------------------------------------------
[INFO] Total time:  25.185 s
[INFO] Finished at: 2026-08-29T12:35:48+07:00
[INFO] ------------------------------------------------------------------------
